2026-09-19 05:36:25,432 - INFO - Scraping Arizona State University (SEMTE - Aerospace & Mechanical Engineering)...
2026-09-19 05:36:26,733 - INFO - Retrieved 55 raw items from ASU API.
2026-09-19 05:36:26,871 - INFO -    -> [Filtered Out]: Dropping non-Tier 1/2 professor Aditi Chattopadhyay (🟠 Tier 3: Structures / Materials / Manufacturing)
2026-09-19 05:36:26,872 - INFO -    -> [Filtered Out]: Dropping non-Tier 1/2 professor Huei-Ping Huang (🔴 Tier 4: Robotics / Controls / Autonomy)
2026-09-19 05:36:26,874 - INFO -    -> [Filtered Out]: Dropping non-Tier 1/2 professor Cindy (Xiangjia) Li (🟠 Tier 3: Structures / Materials / Manufacturing)
2026-09-19 05:36:26,875 - INFO -    -> [Filtered Out]: Dropping non-Tier 1/2 professor Marc Mignolet (🔴 Tier 4: Robotics / Controls / Autonomy)
2026-09-19 05:36:26,876 - INFO -    -> [Filtered Out]: Dropping non-Tier 1/2 professor James Middleton (🔴 Tier 4: Robotics / Controls / Autonomy)
2026-09-19 05:36:26,877 - INFO -    -> [Filtered Out]: Dropping non-Tier 1/2 professor Wonmo Kang (🟠 Tier 3: Structures / Materials / Manufacturing)
2026-09-19 05:36:26,879 - INFO -    -> [Filtered Out]: Dropping non-Tier 1/2 professor Jagannathan Rajagopalan (🟠 Tier 3: Structures / Materials / Manufacturing)
2026-09-19 05:36:26,881 - INFO -    -> [Filtered Out]: Dropping non-Tier 1/2 professor Kunal Garg (🔴 Tier 4: Robotics / Controls / Autonomy)
2026-09-19 05:36:26,882 - INFO -    -> [Filtered Out]: Dropping non-Tier 1/2 professor Ricardo Cruz Lozano (🔴 Tier 4: Robotics / Controls / Autonomy)
2026-09-19 05:36:26,882 - INFO -    -> [Filtered Out]: Dropping non-Tier 1/2 professor Joshua Wilbur (🔴 Tier 4: Robotics / Controls / Autonomy)
2026-09-19 05:36:26,883 - INFO -    -> [Filtered Out]: Dropping non-Tier 1/2 professor Hyunglae Lee (🔴 Tier 4: Robotics / Controls / Autonomy)
2026-09-19 05:36:26,884 - INFO -    -> [Filtered Out]: Dropping non-Tier 1/2 professor Matthew Peet (🔴 Tier 4: Robotics / Controls / Autonomy)
2026-09-19 05:36:26,885 - INFO -    -> [Filtered Out]: Dropping non-Tier 1/2 professor Erik Andersen (🔴 Tier 4: Robotics / Controls / Autonomy)
2026-09-19 05:36:26,886 - INFO -    -> [Filtered Out]: Dropping non-Tier 1/2 professor Zhe Xu (🔴 Tier 4: Robotics / Controls / Autonomy)
2026-09-19 05:36:26,889 - INFO -    -> [Filtered Out]: Dropping non-Tier 1/2 professor Houlong Zhuang (🟠 Tier 3: Structures / Materials / Manufacturing)
2026-09-19 05:36:26,891 - INFO -    -> [Filtered Out]: Dropping non-Tier 1/2 professor Yongming Liu (🟠 Tier 3: Structures / Materials / Manufacturing)
2026-09-19 05:36:26,892 - INFO -    -> [Filtered Out]: Dropping non-Tier 1/2 professor Derrick Speaks (🔴 Tier 4: Robotics / Controls / Autonomy)
2026-09-19 05:36:26,893 - INFO -    -> [Filtered Out]: Dropping non-Tier 1/2 professor Qiong Nian (🟠 Tier 3: Structures / Materials / Manufacturing)
2026-09-19 05:36:26,895 - INFO -    -> [Filtered Out]: Dropping non-Tier 1/2 professor Srinivas Chakravarthi Kosaraju (🔴 Tier 4: Robotics / Controls / Autonomy)
2026-09-19 05:36:26,897 - INFO -    -> [Filtered Out]: Dropping non-Tier 1/2 professor Jiefeng Sun (🔴 Tier 4: Robotics / Controls / Autonomy)
2026-09-19 05:36:26,904 - INFO -    -> [Filtered Out]: Dropping non-Tier 1/2 professor Minglei Qu (🟠 Tier 3: Structures / Materials / Manufacturing)
2026-09-19 05:36:26,907 - INFO -    -> [Filtered Out]: Dropping non-Tier 1/2 professor Spring Berman (🔴 Tier 4: Robotics / Controls / Autonomy)
2026-09-19 05:36:26,910 - INFO -    -> [Filtered Out]: Dropping non-Tier 1/2 professor Jay Oswald (🟠 Tier 3: Structures / Materials / Manufacturing)
2026-09-19 05:36:26,912 - INFO -    -> [Filtered Out]: Dropping non-Tier 1/2 professor Hamidreza Marvi (🔴 Tier 4: Robotics / Controls / Autonomy)
2026-09-19 05:36:26,913 - INFO -    -> [Filtered Out]: Dropping non-Tier 1/2 professor Yi Ren (🔴 Tier 4: Robotics / Controls / Autonomy)
2026-09-19 05:36:26,915 - INFO -    -> [Filtered Out]: Dropping non-Tier 1/2 professor Leila Ladani (🟠 Tier 3: Structures / Materials / Manufacturing)
2026-09-19 05:36:26,916 - INFO -    -> [Filtered Out]: Dropping non-Tier 1/2 professor Pedro Peralta (🟠 Tier 3: Structures / Materials / Manufacturing)
2026-09-19 05:36:26,917 - INFO -    -> [Filtered Out]: Dropping non-Tier 1/2 professor Lin Li (🟠 Tier 3: Structures / Materials / Manufacturing)
2026-09-19 05:36:26,918 - INFO -    -> [Filtered Out]: Dropping non-Tier 1/2 professor Ivy Chang (🔴 Tier 4: Robotics / Controls / Autonomy)
2026-09-19 05:36:26,919 - INFO -    -> [Filtered Out]: Dropping non-Tier 1/2 professor Wanxin Jin (🔴 Tier 4: Robotics / Controls / Autonomy)
2026-09-19 05:36:26,919 - INFO - Retained 18 Tier 1 & Tier 2 active faculty for deep enrichment...
2026-09-19 05:36:26,920 - INFO - [1/18] Processing Ryan Milcarek (🔵 Tier 1: Core Aero / Fluids / Propulsion)...
2026-09-19 05:36:35,508 - INFO - [2/18] Processing T.-W. Lee (🟡 Tier 2: Thermal / Heat Transfer / Energy)...
2026-09-19 05:36:37,931 - INFO - [3/18] Processing Leixin Ma (🔵 Tier 1: Core Aero / Fluids / Propulsion)...
2026-09-19 05:36:47,776 - INFO - [4/18] Processing Kiran Ramesh (🔵 Tier 1: Core Aero / Fluids / Propulsion)...
2026-09-19 05:36:55,801 - INFO - [5/18] Processing Patrick Phelan (🟡 Tier 2: Thermal / Heat Transfer / Energy)...
2026-09-19 05:36:57,926 - INFO - [6/18] Processing Alberto Scotti (🔵 Tier 1: Core Aero / Fluids / Propulsion)...
2026-09-19 05:37:04,700 - INFO - [7/18] Processing Yulia Peet (🔵 Tier 1: Core Aero / Fluids / Propulsion)...
2026-09-19 05:37:11,241 - INFO - [8/18] Processing Tianyu Yang (🟡 Tier 2: Thermal / Heat Transfer / Energy)...
2026-09-19 05:37:13,531 - INFO - [9/18] Processing Beomjin Kwon (🟡 Tier 2: Thermal / Heat Transfer / Energy)...
2026-09-19 05:37:17,699 - INFO - [10/18] Processing Gokul Pathikonda (🔵 Tier 1: Core Aero / Fluids / Propulsion)...
2026-09-19 05:37:25,143 - INFO - [11/18] Processing Jeonglae Kim (🔵 Tier 1: Core Aero / Fluids / Propulsion)...
2026-09-19 05:37:31,836 - INFO - [12/18] Processing Marcus Herrmann (🔵 Tier 1: Core Aero / Fluids / Propulsion)...
2026-09-19 05:37:38,504 - INFO - [13/18] Processing Robert Wang (🟡 Tier 2: Thermal / Heat Transfer / Energy)...
2026-09-19 05:37:41,891 - INFO - [14/18] Processing Ronald Calhoun (🔵 Tier 1: Core Aero / Fluids / Propulsion)...
2026-09-19 05:37:48,107 - INFO - [15/18] Processing Kangping Chen (🔵 Tier 1: Core Aero / Fluids / Propulsion)...
2026-09-19 05:37:55,190 - INFO - [16/18] Processing Liping Wang (🟡 Tier 2: Thermal / Heat Transfer / Energy)...
2026-09-19 05:38:00,946 - INFO - [17/18] Processing Konrad Rykaczewski (🟡 Tier 2: Thermal / Heat Transfer / Energy)...
2026-09-19 05:38:04,584 - INFO - [18/18] Processing Mohamed Houssem Kasbaoui (🔵 Tier 1: Core Aero / Fluids / Propulsion)...
2026-09-19 05:38:15,604 - INFO - Total Tier 1 & Tier 2 active faculty successfully extracted: 18
2026-09-19 05:38:15,836 - INFO - Excel successfully created at: D:\Others\findprofs\universities_wise\arizona_state_university\asu_aerospace_mechanical_faculty.xlsx
2026-09-19 05:38:15,839 - INFO - Markdown successfully created at: D:\Others\findprofs\universities_wise\arizona_state_university\asu_aerospace_mechanical_faculty.md
2026-09-19 05:38:15,840 - INFO - 
===============================================================================================
2026-09-19 05:38:15,840 - INFO - ASU AEROSPACE & MECHANICAL ENGINEERING PIPELINE EXECUTION AUDIT REPORT
2026-09-19 05:38:15,840 - INFO - ===============================================================================================
2026-09-19 05:38:15,840 - INFO - Total Active Faculty Extracted: 18
2026-09-19 05:38:15,840 - INFO -   - [Tier 1] Core Aero / Fluids / CFD / Propulsion: 11 (Exclusively populates 'Aero Focus' Tab)
2026-09-19 05:38:15,840 - INFO -   - [Tier 2] Thermal / Heat Transfer / Energy:     7
2026-09-19 05:38:15,841 - INFO -   - [Tier 3] Structures / Materials / Mfg:         0
2026-09-19 05:38:15,841 - INFO -   - [Tier 4] Robotics / Controls / Autonomy:       0
2026-09-19 05:38:15,841 - INFO - Field-Matched Faculty Candidates: 18 / 18 (100.0%)
2026-09-19 05:38:15,841 - INFO - -----------------------------------------------------------------------------------------------
2026-09-19 05:38:15,841 - INFO - 📊 DETAILED COLUMN-BY-COLUMN EXTRACTION AUDIT (FILLED vs. REMAINING):
2026-09-19 05:38:15,841 - INFO - #   | Column Name                            | Filled   | Remaining  | Fill %  | Status
2026-09-19 05:38:15,841 - INFO - -----------------------------------------------------------------------------------------------
2026-09-19 05:38:15,841 - INFO - 1   | Name                                   | 18       | 0          | 100.0% | ✅ Complete
2026-09-19 05:38:15,841 - INFO - 2   | University                             | 18       | 0          | 100.0% | ✅ Complete
2026-09-19 05:38:15,841 - INFO - 3   | Profile URL                            | 18       | 0          | 100.0% | ✅ Complete
2026-09-19 05:38:15,841 - INFO - 4   | Google Scholar URL                     | 18       | 0          | 100.0% | ✅ Complete
2026-09-19 05:38:15,841 - INFO - 5   | Job Title                              | 18       | 0          | 100.0% | ✅ Complete
2026-09-19 05:38:15,841 - INFO - 6   | Department                             | 18       | 0          | 100.0% | ✅ Complete
2026-09-19 05:38:15,841 - INFO - 7   | Scholar ID                             | 11       | 7          |  61.1% | 🔵 Strong
2026-09-19 05:38:15,842 - INFO - 8   | Email                                  | 18       | 0          | 100.0% | ✅ Complete
2026-09-19 05:38:15,842 - INFO - 9   | Research Tier                          | 18       | 0          | 100.0% | ✅ Complete
2026-09-19 05:38:15,842 - INFO - 10  | Research Category                      | 18       | 0          | 100.0% | ✅ Complete
2026-09-19 05:38:15,842 - INFO - 11  | Matched Count                          | 18       | 0          | 100.0% | ✅ Complete
2026-09-19 05:38:15,842 - INFO - 12  | Matched Fields                         | 18       | 0          | 100.0% | ✅ Complete
2026-09-19 05:38:15,842 - INFO - 13  | Flagship Paper Hook                    | 11       | 7          |  61.1% | 🔵 Strong (Tier 1 Core Aero: 11/11)
2026-09-19 05:38:15,842 - INFO - 14  | Flagship Paper DOI                     | 11       | 7          |  61.1% | 🔵 Strong (Tier 1 Core Aero: 11/11)
2026-09-19 05:38:15,842 - INFO - 15  | Tech Stack                             | 11       | 7          |  61.1% | 🔵 Strong (Tier 1 Core Aero: 11/11)
2026-09-19 05:38:15,842 - INFO - 16  | Physical Finding                       | 11       | 7          |  61.1% | 🔵 Strong (Tier 1 Core Aero: 11/11)
2026-09-19 05:38:15,842 - INFO - 17  | Research Hook                          | 11       | 7          |  61.1% | 🔵 Strong (Tier 1 Core Aero: 11/11)
2026-09-19 05:38:15,842 - INFO - 18  | Latest Paper / Publication             | 8        | 10         |  44.4% | 🟡 Selective
2026-09-19 05:38:15,843 - INFO - 19  | Recent Papers (2024-2026)              | 9        | 9          |  50.0% | 🔵 Strong
2026-09-19 05:38:15,843 - INFO - 20  | Top Cited Papers                       | 11       | 7          |  61.1% | 🔵 Strong
2026-09-19 05:38:15,843 - INFO - 21  | Courses Taught                         | 18       | 0          | 100.0% | ✅ Complete
2026-09-19 05:38:15,843 - INFO - 22  | Recent Awards / Honors                 | 2        | 16         |  11.1% | 🟡 Selective
2026-09-19 05:38:15,843 - INFO - 23  | Cold Email / Application Instructions  | 2        | 16         |  11.1% | 🟡 Selective
2026-09-19 05:38:15,843 - INFO - 24  | OpenAlex Research Topics               | 11       | 7          |  61.1% | 🔵 Strong
2026-09-19 05:38:15,843 - INFO - 25  | Google Scholar Tags                    | 11       | 7          |  61.1% | 🔵 Strong
2026-09-19 05:38:15,843 - INFO - 26  | Research Interests                     | 9        | 9          |  50.0% | 🔵 Strong
2026-09-19 05:38:15,843 - INFO - 27  | Expertise Areas                        | 6        | 12         |  33.3% | 🟡 Selective
2026-09-19 05:38:15,843 - INFO - 28  | Research / Bio Summary                 | 18       | 0          | 100.0% | ✅ Complete
2026-09-19 05:38:15,843 - INFO - 29  | Education / Degrees                    | 18       | 0          | 100.0% | ✅ Complete
2026-09-19 05:38:15,844 - INFO - 30  | Lab / Research Group Name              | 8        | 10         |  44.4% | 🟡 Selective
2026-09-19 05:38:15,844 - INFO - 31  | Lab / Personal Website                 | 10       | 8          |  55.6% | 🔵 Strong
2026-09-19 05:38:15,844 - INFO - 32  | Actively Hiring / Openings             | 2        | 16         |  11.1% | 🟡 Selective
2026-09-19 05:38:15,844 - INFO - 33  | Target Skills / Prerequisites          | 1        | 17         |   5.6% | 🟡 Selective
2026-09-19 05:38:15,844 - INFO - 34  | Lab Facilities & Equipment             | 3        | 15         |  16.7% | 🟡 Selective
2026-09-19 05:38:15,844 - INFO - 35  | Funding Sponsors                       | 3        | 15         |  16.7% | 🟡 Selective
2026-09-19 05:38:15,844 - INFO - 36  | Software / Code Repo                   | 1        | 17         |   5.6% | 🟡 Selective
2026-09-19 05:38:15,844 - INFO - 37  | Latest Project / Highlight             | 6        | 12         |  33.3% | 🟡 Selective
2026-09-19 05:38:15,844 - INFO - 38  | Office Location                        | 18       | 0          | 100.0% | ✅ Complete
2026-09-19 05:38:15,844 - INFO - 39  | Is Field Match                         | 18       | 0          | 100.0% | ✅ Complete
2026-09-19 05:38:15,844 - INFO - 40  | Directory URL                          | 18       | 0          | 100.0% | ✅ Complete
2026-09-19 05:38:15,844 - INFO - -----------------------------------------------------------------------------------------------
2026-09-19 05:38:15,845 - INFO - 🛠️ PIPELINE SUCCESSES & EXECUTION HEALTH:
2026-09-19 05:38:15,845 - INFO -   [OK] Active Faculty Discovery: 100% verified non-emeritus faculty harvested from ASU REST API.
2026-09-19 05:38:15,845 - INFO -   [OK] Selective OpenAlex Integration: All 11 Tier 1 Core Aero faculty queried; non-aero strictly filtered.
2026-09-19 05:38:15,845 - INFO -   [OK] Cold Email Pillars: 100% of Tier 1 faculty equipped with Research Hook, Flagship Paper, Clickable DOI, Tech Stack, & Tripartite Finding.
2026-09-19 05:38:15,845 - INFO -   [OK] Markdown Reference: Generated with clickable flagship DOI links and full paper abstracts.
2026-09-19 05:38:15,845 - INFO -   [OK] Multi-Sheet Excel Workbook: Generated with dynamic clickable HYPERLINK formulas on 'Aero Focus', 'Field Matched', and 'All Faculty'.
2026-09-19 05:38:15,845 - INFO - Excel Workbook: D:\Others\findprofs\universities_wise\arizona_state_university\asu_aerospace_mechanical_faculty.xlsx
2026-09-19 05:38:15,845 - INFO - Markdown Reference: D:\Others\findprofs\universities_wise\arizona_state_university\asu_aerospace_mechanical_faculty.md
2026-09-19 05:38:15,845 - INFO - Run Log File: D:\Others\findprofs\universities_wise\arizona_state_university\run.log
2026-09-19 05:38:15,845 - INFO - ===============================================================================================
