[2026-09-19 20:13:45] ================================================================================
[2026-09-19 20:13:45] STARTING NATIONWIDE MISSING AERO / CFD / PROPULSION FACULTY DISCOVERY
[2026-09-19 20:13:45] Separate Output Directory: d:\Others\findprofs\discovered_missing_faculty
[2026-09-19 20:13:45] ================================================================================
[2026-09-19 20:13:47] Original known faculty loaded: 870 (Will be skipped)
[2026-09-19 20:13:47] Loaded 159 universities from universities.txt
[2026-09-19 20:13:50] [  4] Scanning Binghamton University (ID: I123946342)...
[2026-09-19 20:13:51] [  1] Scanning Arizona State University (ID: I55732556)...
[2026-09-19 20:13:51] [  3] Scanning Baylor University (ID: I157394403)...
[2026-09-19 20:13:51] [  2] Scanning Auburn University (ID: I82497590)...
[2026-09-19 20:13:56] [  5] Scanning Boston University (ID: I111088046)...
[2026-09-19 20:14:02] [  6] Scanning Brigham Young University (ID: I100005738)...
[2026-09-19 20:14:11] [  5] Found 0 MISSING Aero/Fluids professors at Boston University!
[2026-09-19 20:14:12] [  7] Scanning Brown University (ID: I27804330)...
[2026-09-19 20:14:13] [  8] Scanning California Institute of Technology (ID: I122411786)...
[2026-09-19 20:14:17] [  2] Found 3 MISSING Aero/Fluids professors at Auburn University!
[2026-09-19 20:14:19] [  9] Scanning Carnegie Mellon University (ID: I74973139)...
[2026-09-19 20:14:44] [ 10] Scanning Case Western Reserve University (ID: I58956616)...
[2026-09-19 20:14:45] [  9] Found 3 MISSING Aero/Fluids professors at Carnegie Mellon University!
[2026-09-19 20:14:46] [ 11] Scanning Clemson University (ID: I8078737)...
[2026-09-19 20:14:48] [  7] Found 3 MISSING Aero/Fluids professors at Brown University!
[2026-09-19 20:14:50] [ 12] Scanning Colorado School of Mines (ID: I167576493)...
[2026-09-19 20:14:54] [ 13] Scanning Colorado State University (ID: I92446798)...
[2026-09-19 20:14:59] [  6] Found 9 MISSING Aero/Fluids professors at Brigham Young University!
[2026-09-19 20:15:00] [ 14] Scanning Columbia University (ID: I78577930)...
[2026-09-19 20:15:01] [ 15] Scanning Cornell University (ID: I205783295)...
[2026-09-19 20:15:07] [ 10] Found 2 MISSING Aero/Fluids professors at Case Western Reserve University!
[2026-09-19 20:15:08] [ 16] Scanning Dartmouth College (ID: I107672454)...
[2026-09-19 20:15:13] [ 17] Scanning Drexel University (ID: I72816309)...
[2026-09-19 20:15:16] [ 18] Scanning Duke University (ID: I170897317)...
[2026-09-19 20:15:28] [ 19] Scanning East Carolina University (ID: I186335123)...
[2026-09-19 20:15:30] [ 15] Found 3 MISSING Aero/Fluids professors at Cornell University!
[2026-09-19 20:15:32] [ 20] Scanning Florida Atlantic University (ID: I63772739)...
[2026-09-19 20:15:43] [ 17] Found 3 MISSING Aero/Fluids professors at Drexel University!
[2026-09-19 20:15:44] [ 18] Found 2 MISSING Aero/Fluids professors at Duke University!
[2026-09-19 20:15:44] [ 19] Found 1 MISSING Aero/Fluids professors at East Carolina University!
[2026-09-19 20:15:44] [ 21] Scanning Florida International University (ID: I19700959)...
[2026-09-19 20:15:46] [ 23] Scanning George Mason University (ID: I162714631)...
[2026-09-19 20:15:46] [ 22] Scanning Florida State University (ID: I103163165)...
[2026-09-19 20:15:49] [ 20] Found 1 MISSING Aero/Fluids professors at Florida Atlantic University!
[2026-09-19 20:15:51] [ 24] Scanning George Washington University (ID: I193531525)...
[2026-09-19 20:16:17] [ 23] Found 4 MISSING Aero/Fluids professors at George Mason University!
[2026-09-19 20:16:18] [ 24] Found 3 MISSING Aero/Fluids professors at George Washington University!
[2026-09-19 20:16:18] [ 25] Scanning Georgia Institute of Technology (ID: I130701444)...
[2026-09-19 20:16:19] [ 21] Found 5 MISSING Aero/Fluids professors at Florida International University!
[2026-09-19 20:16:20] [ 26] Scanning Harvard University (ID: I136199984)...
[2026-09-19 20:16:21] [ 27] Scanning Howard University (ID: I137853757)...
[2026-09-19 20:16:23] [ 28] Scanning Indiana University-Purdue University-Indianapolis (IUPUI) (ID: I55769427)...
[2026-09-19 20:16:30] [ 29] Scanning Iowa State University (ID: I173911158)...
[2026-09-19 20:16:36] [ 30] Scanning Johns Hopkins University (ID: I145311948)...
[2026-09-19 20:16:39] [ 31] Scanning Kansas State University (ID: I189590672)...
[2026-09-19 20:16:43] [ 26] Found 1 MISSING Aero/Fluids professors at Harvard University!
[2026-09-19 20:16:44] [ 32] Scanning Kent State University (ID: I149910238)...
[2026-09-19 20:16:47] [ 27] Found 3 MISSING Aero/Fluids professors at Howard University!
[2026-09-19 20:16:48] [ 33] Scanning Lehigh University (ID: I186143895)...
[2026-09-19 20:16:50] [ 34] Scanning Louisiana State University (ID: I121820613)...
[2026-09-19 20:16:52] [ 35] Scanning Massachusetts Institute of Technology (ID: I63966007)...
[2026-09-19 20:16:59] [ 36] Scanning Michigan State University (ID: I87216513)...
[2026-09-19 20:17:27] [ 36] Found 1 MISSING Aero/Fluids professors at Michigan State University!
[2026-09-19 20:17:27] [ 35] Found 2 MISSING Aero/Fluids professors at Massachusetts Institute of Technology!
[2026-09-19 20:17:28] [ 37] Scanning Michigan Technological University (ID: I11957088)...
[2026-09-19 20:17:29] [ 38] Scanning Mississippi State University (ID: I99041443)...
[2026-09-19 20:17:34] [ 39] Scanning Missouri University of Science and Technology (ID: I20382870)...
[2026-09-19 20:17:43] [ 33] Found 8 MISSING Aero/Fluids professors at Lehigh University!
[2026-09-19 20:17:44] [ 41] Scanning New Jersey Institute of Technology (ID: I118118575)...
[2026-09-19 20:17:44] [ 40] Scanning Montana State University (ID: I23732399)...
[2026-09-19 20:17:49] [ 34] Found 8 MISSING Aero/Fluids professors at Louisiana State University!
[2026-09-19 20:17:51] [ 42] Scanning New Mexico State University (ID: I10052268)...
[2026-09-19 20:17:51] [ 43] Scanning New York University (ID: I57206974)...
[2026-09-19 20:18:18] [ 44] Scanning North Carolina State University (ID: I137902535)...
[2026-09-19 20:18:23] [ 45] Scanning North Dakota State University (ID: I57328836)...
[2026-09-19 20:18:28] [ 46] Scanning Northeastern University (ID: I12912129)...
[2026-09-19 20:18:29] [ 43] Found 3 MISSING Aero/Fluids professors at New York University!
[2026-09-19 20:18:30] [ 47] Scanning Northern Arizona University (ID: I203172682)...
[2026-09-19 20:18:35] [ 48] Scanning Northwestern University (ID: I111979921)...
[2026-09-19 20:18:49] [ 49] Scanning Ohio State University (ID: I52357470)...
[2026-09-19 20:18:51] [ 46] Found 2 MISSING Aero/Fluids professors at Northeastern University!
[2026-09-19 20:18:54] [ 50] Scanning Ohio University (ID: I4210106879)...
[2026-09-19 20:19:01] [ 41] Found 12 MISSING Aero/Fluids professors at New Jersey Institute of Technology!
[2026-09-19 20:19:02] [ 51] Scanning Oklahoma State University (ID: I115475287)...
[2026-09-19 20:19:10] [ 52] Scanning Old Dominion University (ID: I81365321)...
[2026-09-19 20:19:10] [ 50] Found 1 MISSING Aero/Fluids professors at Ohio University!
[2026-09-19 20:19:12] [ 53] Scanning Oregon State University (ID: I131249849)...
[2026-09-19 20:19:12] [ 48] Found 4 MISSING Aero/Fluids professors at Northwestern University!
[2026-09-19 20:19:14] [ 54] Scanning Pennsylvania State University (ID: I130769515)...
[2026-09-19 20:19:16] [ 55] Scanning Princeton University (ID: I20089843)...
[2026-09-19 20:19:29] [ 49] Found 5 MISSING Aero/Fluids professors at Ohio State University!
[2026-09-19 20:19:30] [ 56] Scanning Purdue University (ID: I219193219)...
[2026-09-19 20:19:34] [ 57] Scanning Rensselaer Polytechnic Institute (ID: I165799507)...
[2026-09-19 20:19:38] [ 58] Scanning Rice University (ID: I74775410)...
[2026-09-19 20:19:55] [ 58] Found 1 MISSING Aero/Fluids professors at Rice University!
[2026-09-19 20:19:56] [ 59] [INSTITUTION NOT FOUND] Rutgers University-New Brunswick
[2026-09-19 20:19:58] [ 60] Scanning Saint Louis University (ID: I47838141)...
[2026-09-19 20:20:07] [ 54] Found 6 MISSING Aero/Fluids professors at Pennsylvania State University!
[2026-09-19 20:20:09] [ 61] Scanning San Diego State University (ID: I26538001)...
[2026-09-19 20:20:12] [ 62] Scanning Southern Illinois University-Carbondale (ID: I110378019)...
[2026-09-19 20:20:15] [ 60] Found 1 MISSING Aero/Fluids professors at Saint Louis University!
[2026-09-19 20:20:17] [ 64] Scanning Stanford University (ID: I97018004)...
[2026-09-19 20:20:17] [ 63] Scanning Southern Methodist University (ID: I178169726)...
[2026-09-19 20:20:26] [ 65] Scanning Stony Brook University (ID: I59553526)...
[2026-09-19 20:20:38] [ 64] Found 1 MISSING Aero/Fluids professors at Stanford University!
[2026-09-19 20:20:39] [ 66] Scanning Syracuse University (ID: I70983195)...
[2026-09-19 20:20:49] [ 63] Found 5 MISSING Aero/Fluids professors at Southern Methodist University!
[2026-09-19 20:20:51] [ 67] Scanning Temple University (ID: I84392919)...
[2026-09-19 20:20:54] [ 65] Found 3 MISSING Aero/Fluids professors at Stony Brook University!
[2026-09-19 20:20:54] [ 57] Found 14 MISSING Aero/Fluids professors at Rensselaer Polytechnic Institute!
[2026-09-19 20:20:55] [ 68] Scanning Texas A&M University (ID: I91045830)...
[2026-09-19 20:20:57] [ 69] Scanning Texas Tech University (ID: I12315562)...
[2026-09-19 20:20:58] [ 70] [INSTITUTION NOT FOUND] The Catholic University of America
[2026-09-19 20:20:59] [ 71] [INSTITUTION NOT FOUND] The University of Alabama
[2026-09-19 20:21:00] [ 72] [INSTITUTION NOT FOUND] The University of Tennessee-Knoxville
[2026-09-19 20:21:01] [ 73] Scanning The University of Texas at Arlington (ID: I189196454)...
[2026-09-19 20:21:04] [ 67] Found 0 MISSING Aero/Fluids professors at Temple University!
[2026-09-19 20:21:05] [ 74] Scanning The University of Texas at Austin (ID: I86519309)...
[2026-09-19 20:21:19] [ 75] Scanning The University of Texas at Dallas (ID: I162577319)...
[2026-09-19 20:21:20] [ 76] Scanning The University of Texas at El Paso (ID: I164936912)...
[2026-09-19 20:21:24] [ 77] Scanning The University of Texas at San Antonio (ID: I165951966)...
[2026-09-19 20:21:38] [ 77] Found 0 MISSING Aero/Fluids professors at The University of Texas at San Antonio!
[2026-09-19 20:21:39] [ 69] Found 6 MISSING Aero/Fluids professors at Texas Tech University!
[2026-09-19 20:21:39] [ 78] Scanning Tufts University (ID: I121934306)...
[2026-09-19 20:21:40] [ 79] Scanning Tulane University (ID: I114832834)...
[2026-09-19 20:21:42] [ 76] Found 2 MISSING Aero/Fluids professors at The University of Texas at El Paso!
[2026-09-19 20:21:44] [ 80] Scanning University at Buffalo (ID: I63190737)...
[2026-09-19 20:21:48] [ 81] Scanning University of Alabama at Birmingham (ID: I32389192)...
[2026-09-19 20:22:07] [ 80] Found 0 MISSING Aero/Fluids professors at University at Buffalo!
[2026-09-19 20:22:08] [ 82] Scanning University of Arizona (ID: I138006243)...
[2026-09-19 20:22:13] [ 79] Found 2 MISSING Aero/Fluids professors at Tulane University!
[2026-09-19 20:22:15] [ 83] Scanning University of Arkansas (ID: I79620101)...
[2026-09-19 20:22:15] [ 78] Found 3 MISSING Aero/Fluids professors at Tufts University!
[2026-09-19 20:22:17] [ 84] Scanning University of California-Berkeley (ID: I95457486)...
[2026-09-19 20:22:24] [ 81] Found 3 MISSING Aero/Fluids professors at University of Alabama at Birmingham!
[2026-09-19 20:22:26] [ 85] Scanning University of California-Davis (ID: I84218800)...
[2026-09-19 20:22:27] [ 83] Found 0 MISSING Aero/Fluids professors at University of Arkansas!
[2026-09-19 20:22:28] [ 86] Scanning University of California-Irvine (ID: I204250578)...
[2026-09-19 20:22:35] [ 84] Found 1 MISSING Aero/Fluids professors at University of California-Berkeley!
[2026-09-19 20:22:36] [ 87] Scanning University of California-Los Angeles (ID: I161318765)...
[2026-09-19 20:22:37] [ 88] Scanning University of California-Merced (ID: I156087764)...
[2026-09-19 20:22:42] [ 86] Found 0 MISSING Aero/Fluids professors at University of California-Irvine!
[2026-09-19 20:22:44] [ 89] Scanning University of California-Riverside (ID: I103635307)...
[2026-09-19 20:22:48] [ 90] Scanning University of California-San Diego (ID: I36258959)...
[2026-09-19 20:22:51] [ 85] Found 2 MISSING Aero/Fluids professors at University of California-Davis!
[2026-09-19 20:22:52] [ 91] Scanning University of California-Santa Barbara (ID: I154570441)...
[2026-09-19 20:22:57] [ 87] Found 1 MISSING Aero/Fluids professors at University of California-Los Angeles!
[2026-09-19 20:22:59] [ 92] Scanning University of California-Santa Cruz (ID: I185103710)...
[2026-09-19 20:23:04] [ 93] Scanning University of Central Florida (ID: I106165777)...
[2026-09-19 20:23:11] [ 92] Found 0 MISSING Aero/Fluids professors at University of California-Santa Cruz!
[2026-09-19 20:23:13] [ 94] Scanning University of Cincinnati (ID: I63135867)...
[2026-09-19 20:23:14] [ 91] Found 2 MISSING Aero/Fluids professors at University of California-Santa Barbara!
[2026-09-19 20:23:16] [ 95] Scanning University of Colorado Boulder (ID: I188538660)...
[2026-09-19 20:23:23] [ 90] Found 4 MISSING Aero/Fluids professors at University of California-San Diego!
[2026-09-19 20:23:24] [ 96] Scanning University of Colorado Denver/Anschutz (ID: I4210134151)...
[2026-09-19 20:23:28] [ 97] Scanning University of Connecticut (ID: I140172145)...
[2026-09-19 20:23:35] [ 96] Found 0 MISSING Aero/Fluids professors at University of Colorado Denver/Anschutz!
[2026-09-19 20:23:37] [ 98] Scanning University of Dayton (ID: I127591826)...
[2026-09-19 20:23:40] [ 99] Scanning University of Delaware (ID: I86501945)...
[2026-09-19 20:23:41] [ 97] Found 0 MISSING Aero/Fluids professors at University of Connecticut!
[2026-09-19 20:23:42] [100] Scanning University of Denver (ID: I131651094)...
[2026-09-19 20:23:56] [ 93] Found 9 MISSING Aero/Fluids professors at University of Central Florida!
[2026-09-19 20:23:58] [101] Scanning University of Florida (ID: I33213144)...
[2026-09-19 20:24:16] [102] Scanning University of Georgia (ID: I165733156)...
[2026-09-19 20:24:25] [103] Scanning University of Hawaii at Manoa (ID: I117965899)...
[2026-09-19 20:24:27] [101] Found 3 MISSING Aero/Fluids professors at University of Florida!
[2026-09-19 20:24:28] [ 99] Found 8 MISSING Aero/Fluids professors at University of Delaware!
[2026-09-19 20:24:29] [104] Scanning University of Houston (ID: I44461941)...
[2026-09-19 20:24:29] [105] Scanning University of Idaho (ID: I155093810)...
[2026-09-19 20:24:30] [106] Scanning University of Illinois Chicago (ID: I39422238)...
[2026-09-19 20:24:54] [106] Found 2 MISSING Aero/Fluids professors at University of Illinois Chicago!
[2026-09-19 20:24:54] [107] Scanning University of Illinois Urbana-Champaign (ID: I157725225)...
[2026-09-19 20:24:56] [108] Scanning University of Iowa (ID: I126307644)...
[2026-09-19 20:25:04] [105] Found 5 MISSING Aero/Fluids professors at University of Idaho!
[2026-09-19 20:25:06] [109] Scanning University of Kansas (ID: I146416000)...
[2026-09-19 20:25:06] [ 98] Found 19 MISSING Aero/Fluids professors at University of Dayton!
[2026-09-19 20:25:08] [110] Scanning University of Kentucky (ID: I143302722)...
[2026-09-19 20:25:08] [111] Scanning University of Louisiana at Lafayette (ID: I79516672)...
[2026-09-19 20:25:12] [112] Scanning University of Louisville (ID: I142740786)...
[2026-09-19 20:25:15] [113] Scanning University of Maine (ID: I7947594)...
[2026-09-19 20:25:23] [109] Found 1 MISSING Aero/Fluids professors at University of Kansas!
[2026-09-19 20:25:23] [112] Found 0 MISSING Aero/Fluids professors at University of Louisville!
[2026-09-19 20:25:24] [114] Scanning University of Maryland-Baltimore County (ID: I79272384)...
[2026-09-19 20:25:25] [115] Scanning University of Maryland-College Park (ID: I66946132)...
[2026-09-19 20:25:31] [116] Scanning University of Massachusetts-Amherst (ID: I24603500)...
[2026-09-19 20:25:35] [110] Found 3 MISSING Aero/Fluids professors at University of Kentucky!
[2026-09-19 20:25:36] [117] Scanning University of Massachusetts-Lowell (ID: I133738476)...
[2026-09-19 20:25:37] [118] Scanning University of Memphis (ID: I94658018)...
[2026-09-19 20:25:39] [114] Found 1 MISSING Aero/Fluids professors at University of Maryland-Baltimore County!
[2026-09-19 20:25:41] [119] Scanning University of Miami (ID: I145608581)...
[2026-09-19 20:25:45] [120] Scanning University of Michigan-Ann Arbor (ID: I27837315)...
[2026-09-19 20:25:54] [121] Scanning University of Minnesota-Twin Cities (ID: I130238516)...
[2026-09-19 20:26:01] [119] Found 1 MISSING Aero/Fluids professors at University of Miami!
[2026-09-19 20:26:02] [116] Found 4 MISSING Aero/Fluids professors at University of Massachusetts-Amherst!
[2026-09-19 20:26:02] [122] Scanning University of Mississippi (ID: I368840534)...
[2026-09-19 20:26:03] [123] Scanning University of Missouri-Columbia (ID: I76835614)...
[2026-09-19 20:26:23] [124] Scanning University of Missouri-Kansas City (ID: I75421653)...
[2026-09-19 20:26:35] [123] Found 4 MISSING Aero/Fluids professors at University of Missouri-Columbia!
[2026-09-19 20:26:36] [122] Found 5 MISSING Aero/Fluids professors at University of Mississippi!
[2026-09-19 20:26:36] [125] Scanning University of Nebraska-Lincoln (ID: I114395901)...
[2026-09-19 20:26:38] [126] Scanning University of Nevada-Las Vegas (ID: I133999245)...
[2026-09-19 20:26:48] [128] Scanning University of New Hampshire (ID: I161057412)...
[2026-09-19 20:26:48] [127] Scanning University of Nevada-Reno (ID: I134113660)...
[2026-09-19 20:26:52] [129] Scanning University of New Mexico (ID: I169521973)...
[2026-09-19 20:26:55] [130] Scanning University of North Carolina at Charlotte (ID: I102149020)...
[2026-09-19 20:26:57] [131] Scanning University of North Dakota (ID: I24571045)...
[2026-09-19 20:26:59] [124] Found 3 MISSING Aero/Fluids professors at University of Missouri-Kansas City!
[2026-09-19 20:27:01] [132] Scanning University of North Texas (ID: I123534392)...
[2026-09-19 20:27:06] [130] Found 0 MISSING Aero/Fluids professors at University of North Carolina at Charlotte!
[2026-09-19 20:27:08] [133] Scanning University of Notre Dame (ID: I107639228)...
[2026-09-19 20:27:08] [134] Scanning University of Oklahoma (ID: I8692664)...
[2026-09-19 20:27:12] [127] Found 3 MISSING Aero/Fluids professors at University of Nevada-Reno!
[2026-09-19 20:27:14] [135] Scanning University of Pennsylvania (ID: I79576946)...
[2026-09-19 20:27:27] [132] Found 1 MISSING Aero/Fluids professors at University of North Texas!
[2026-09-19 20:27:29] [136] Scanning University of Pittsburgh (ID: I170201317)...
[2026-09-19 20:27:29] [135] Found 0 MISSING Aero/Fluids professors at University of Pennsylvania!
[2026-09-19 20:27:31] [137] Scanning University of Rhode Island (ID: I17626003)...
[2026-09-19 20:27:44] [136] Found 0 MISSING Aero/Fluids professors at University of Pittsburgh!
[2026-09-19 20:27:44] [134] Found 3 MISSING Aero/Fluids professors at University of Oklahoma!
[2026-09-19 20:27:45] [138] Scanning University of Rochester (ID: I5388228)...
[2026-09-19 20:27:46] [139] Scanning University of South Carolina (ID: I155781252)...
[2026-09-19 20:28:06] [138] Found 1 MISSING Aero/Fluids professors at University of Rochester!
[2026-09-19 20:28:08] [140] Scanning University of South Florida (ID: I2613432)...
[2026-09-19 20:28:15] [133] Found 9 MISSING Aero/Fluids professors at University of Notre Dame!
[2026-09-19 20:28:17] [141] Scanning University of Southern California (ID: I1174212)...
[2026-09-19 20:28:19] [137] Found 7 MISSING Aero/Fluids professors at University of Rhode Island!
[2026-09-19 20:28:20] [139] Found 4 MISSING Aero/Fluids professors at University of South Carolina!
[2026-09-19 20:28:22] [143] Scanning University of Utah (ID: I223532165)...
[2026-09-19 20:28:22] [142] Scanning University of Toledo (ID: I90871651)...
[2026-09-19 20:28:31] [140] Found 2 MISSING Aero/Fluids professors at University of South Florida!
[2026-09-19 20:28:33] [144] Scanning University of Vermont (ID: I111236770)...
[2026-09-19 20:28:38] [142] Found 1 MISSING Aero/Fluids professors at University of Toledo!
[2026-09-19 20:28:39] [145] Scanning University of Virginia (ID: I51556381)...
[2026-09-19 20:28:40] [141] Found 2 MISSING Aero/Fluids professors at University of Southern California!
[2026-09-19 20:28:41] [146] Scanning University of Washington (ID: I201448701)...
[2026-09-19 20:28:42] [147] Scanning University of Wisconsin-Madison (ID: I135310074)...
[2026-09-19 20:28:44] [143] Found 2 MISSING Aero/Fluids professors at University of Utah!
[2026-09-19 20:28:45] [148] Scanning University of Wisconsin-Milwaukee (ID: I43579087)...
[2026-09-19 20:28:58] [149] Scanning University of Wyoming (ID: I12834331)...
[2026-09-19 20:29:02] [145] Found 2 MISSING Aero/Fluids professors at University of Virginia!
[2026-09-19 20:29:04] [150] Scanning Utah State University (ID: I121980950)...
[2026-09-19 20:29:08] [151] Scanning Vanderbilt University (ID: I200719446)...
[2026-09-19 20:29:13] [148] Found 4 MISSING Aero/Fluids professors at University of Wisconsin-Milwaukee!
[2026-09-19 20:29:15] [152] Scanning Virginia Commonwealth University (ID: I184840846)...
[2026-09-19 20:29:24] [149] Found 3 MISSING Aero/Fluids professors at University of Wyoming!
[2026-09-19 20:29:25] [153] Scanning Virginia Polytechnic Institute and State University (ID: I859038795)...
[2026-09-19 20:29:26] [147] Found 6 MISSING Aero/Fluids professors at University of Wisconsin-Madison!
[2026-09-19 20:29:26] [154] Scanning Washington State University (ID: I72951846)...
[2026-09-19 20:29:28] [155] Scanning Washington University in St. Louis (ID: I204465549)...
[2026-09-19 20:29:32] [152] Found 1 MISSING Aero/Fluids professors at Virginia Commonwealth University!
[2026-09-19 20:29:33] [156] [INSTITUTION NOT FOUND] Wayne State University
[2026-09-19 20:29:34] [157] [INSTITUTION NOT FOUND] West Virginia University
[2026-09-19 20:29:34] [158] [INSTITUTION NOT FOUND] Worcester Polytechnic Institute
[2026-09-19 20:29:34] [159] [INSTITUTION NOT FOUND] Yale University
[2026-09-19 20:29:46] [155] Found 1 MISSING Aero/Fluids professors at Washington University in St. Louis!
[2026-09-19 20:29:47] [154] Found 2 MISSING Aero/Fluids professors at Washington State University!
